------------------------------------------------------------
TimeQuest Timing Analyzer Summary
------------------------------------------------------------

Type  : Slow Model Setup 'clk'
Slack : -13.628
TNS   : -1731.408

Type  : Slow Model Setup 'clk_rom'
Slack : -3.282
TNS   : -219.255

Type  : Slow Model Hold 'clk'
Slack : 0.537
TNS   : 0.000

Type  : Slow Model Hold 'clk_rom'
Slack : 2.122
TNS   : 0.000

Type  : Slow Model Minimum Pulse Width 'clk_rom'
Slack : -2.000
TNS   : -345.380

Type  : Slow Model Minimum Pulse Width 'clk'
Slack : -1.627
TNS   : -737.322

Type  : Fast Model Setup 'clk'
Slack : -5.662
TNS   : -738.210

Type  : Fast Model Setup 'clk_rom'
Slack : -1.460
TNS   : -77.161

Type  : Fast Model Hold 'clk'
Slack : 0.249
TNS   : 0.000

Type  : Fast Model Hold 'clk_rom'
Slack : 0.751
TNS   : 0.000

Type  : Fast Model Minimum Pulse Width 'clk_rom'
Slack : -2.000
TNS   : -345.380

Type  : Fast Model Minimum Pulse Width 'clk'
Slack : -1.627
TNS   : -737.322

------------------------------------------------------------
